つなぎ目 = 31 個 × 200局
  ... 5 / 31
  ... 10 / 31
  ... 15 / 31
  ... 20 / 31
  ... 25 / 31
  ... 30 / 31

設定                                       イロ点    1つ前との差        勝率
C:bad=1,badDepth=4                       0.0       0.0         -
C:bad=0.95,badDepth=4                   63.2      63.2     0.590
C:bad=0.9,badDepth=4                    98.1      34.9     0.550
C:bad=0.85,badDepth=4                   98.1       0.0     0.500
C:bad=0.8,badDepth=4                   140.0      41.9     0.560
C:bad=0.7,badDepth=4                   201.4      61.4     0.588
C:bad=0.6,badDepth=4                   259.3      57.9     0.583
C:bad=0.5,badDepth=4                   266.2       6.9     0.510
C:bad=0.4,badDepth=4                   274.9       8.7     0.512
C:bad=0.3,badDepth=4                   349.0      74.1     0.605
C:bad=0.2,badDepth=4                   383.8      34.9     0.550
C:bad=0.1,badDepth=4                   403.0      19.1     0.527
C:rand=1                               425.6      22.6     0.532
C:depth=6,end=12,eps=0.92              540.8     115.2     0.660
C:depth=6,end=12,eps=0.86              604.0      63.2     0.590
C:depth=6,end=12,eps=0.8               654.8      50.7     0.573
C:depth=6,end=12,eps=0.74              707.3      52.5     0.575
C:depth=6,end=12,eps=0.68              779.5      72.2     0.603
C:depth=6,end=12,eps=0.62              816.1      36.6     0.552
C:depth=6,end=12,eps=0.56              908.6      92.5     0.630
C:depth=6,end=12,eps=0.5               901.6      -6.9     0.490
C:depth=6,end=12,eps=0.44              963.1      61.4     0.588
C:depth=6,end=12,eps=0.38             1031.7      68.6     0.598
C:depth=6,end=12,eps=0.32             1105.8      74.1     0.605
C:depth=6,end=12,eps=0.26             1124.9      19.1     0.527
C:depth=6,end=12,eps=0.21             1154.5      29.6     0.542
C:depth=6,end=12,eps=0.16             1207.0      52.5     0.575
C:depth=6,end=12,eps=0.12             1305.1      98.1     0.637
C:depth=6,eps=0                       1408.8     103.7     0.645
C:depth=6,end=8,eps=0                 1448.9      40.1     0.557
C:depth=6,end=10,eps=0                1499.7      50.7     0.573
C:depth=6,end=12,eps=0                1555.8      56.1     0.580

書き出し = chain_v1.json
