試合数 = 270 組 × 100局
  ... 20 / 270
  ... 40 / 270
  ... 60 / 270
  ... 80 / 270
  ... 100 / 270
  ... 120 / 270
  ... 140 / 270
  ... 160 / 270
  ... 180 / 270
  ... 200 / 270
  ... 220 / 270
  ... 240 / 270
  ... 260 / 270
C:bad=0.9                          elo=  -522.3   0.08 0.10 0.14 0.06 0.00
C:bad=0.8                          elo=  -489.5   0.12 0.09 0.17 0.06 0.00
C:bad=0.5                          elo=  -462.4   0.21 0.07 0.15 0.06 0.00
C:bad=0.7                          elo=  -448.4   0.23 0.10 0.12 0.06 0.00
C:bad=0.6                          elo=  -437.2   0.24 0.12 0.12 0.07 0.00
C:bad=0.4                          elo=  -432.9   0.24 0.12 0.13 0.07 0.00
C:bad=0.2                          elo=  -403.6   0.36 0.10 0.11 0.04 0.00
C:bad=0.3                          elo=  -397.6   0.31 0.17 0.13 0.03 0.00
C:rand=1                           elo=  -337.9   -1.00 0.23 0.09 0.03 0.00
C:bad=0.1                          elo=  -327.9   0.48 0.14 0.14 0.07 0.00
Pgreedy                            elo=  -289.8   0.63 0.19 0.12 0.01 0.00
C:depth=1,eps=0.8                  elo=  -253.9   0.69 0.21 0.11 0.05 0.00
C:depth=1,eps=0.7                  elo=  -216.5   0.76 0.28 0.12 0.03 0.00
C:depth=1,eps=0.6                  elo=  -203.4   0.76 0.32 0.10 0.06 0.00
C:corner=0.5                       elo=  -187.6   0.77 0.33 0.11 0.08 0.00
C:depth=1,eps=0.5                  elo=  -160.9   0.83 0.36 0.16 0.03 0.00
C:corner=1                         elo=  -155.3   0.80 0.35 0.17 0.07 0.00
C:depth=2,eps=0.6                  elo=  -152.5   0.81 0.40 0.14 0.06 0.01
PgreedyCorner                      elo=  -145.6   0.88 0.39 0.15 0.01 0.00
C:depth=1,eps=0.4                  elo=  -119.1   0.83 -1.00 0.12 0.06 0.03
C:depth=2,eps=0.4                  elo=  -111.4   0.93 0.48 0.12 0.03 0.00
C:depth=2,eps=0.5                  elo=   -99.3   0.90 0.51 0.15 0.04 0.01
C:depth=1,eps=0.2                  elo=   -89.9   0.82 0.61 0.10 0.09 0.01
C:depth=1,eps=0.3                  elo=   -76.5   0.86 0.56 0.19 0.06 0.01
C:depth=3,eps=0.5                  elo=   -73.9   0.92 0.56 0.17 0.05 0.00
C:depth=3,eps=0.4                  elo=   -44.7   0.85 0.65 0.23 0.08 0.00
C:depth=1,eps=0.1                  elo=   -42.1   0.90 0.69 0.17 0.06 0.01
C:depth=2,eps=0.3                  elo=   -36.9   0.86 0.68 0.24 0.06 0.01
C:depth=1,eps=0                    elo=   -31.6   0.82 0.83 0.16 0.05 0.00
C:depth=4,eps=0.4                  elo=   -21.1   0.91 0.65 0.20 0.14 0.02
C:depth=2,eps=0.2                  elo=   -10.7   0.87 0.67 0.29 0.09 0.02
C:depth=3,eps=0.3                  elo=    -1.6   0.93 0.69 0.30 0.04 0.01
C:depth=2,eps=0.1                  elo=    28.2   0.87 0.77 0.28 0.12 0.05
C:depth=3,eps=0.2                  elo=    52.7   0.88 0.78 0.40 0.12 0.02
C:depth=4,eps=0.3                  elo=    77.1   0.89 0.71 0.44 0.20 0.04
C:depth=4,eps=0.2                  elo=   135.9   0.90 0.82 0.49 0.27 0.03
C:depth=2,eps=0                    elo=   146.5   0.92 0.87 -1.00 0.12 0.03
C:depth=3,eps=0.1                  elo=   167.9   0.94 0.84 0.59 0.23 0.03
C:depth=6,end=12,eps=0.4           elo=   181.9   0.97 0.90 0.48 0.27 0.07
C:depth=4,eps=0.1                  elo=   233.5   0.95 0.94 0.53 0.38 0.10
C:depth=5,end=10,eps=0.3           elo=   233.5   0.93 0.90 0.56 0.41 0.09
C:depth=3,eps=0                    elo=   240.0   0.90 0.93 0.65 0.33 0.10
C:depth=4,end=8,eps=0.2            elo=   251.7   0.98 0.90 0.66 0.33 0.10
C:depth=6,end=12,eps=0.3           elo=   259.5   0.99 0.93 0.62 0.30 0.15
C:depth=4,end=8,eps=0.1            elo=   335.5   0.99 0.97 0.70 0.46 0.14
C:depth=5,end=10,eps=0.2           elo=   336.8   0.99 0.94 0.71 0.55 0.10
C:depth=4,eps=0                    elo=   348.8   0.91 0.95 0.84 -1.00 0.17
C:depth=6,end=12,eps=0.2           elo=   351.9   0.99 0.95 0.69 0.49 0.22
C:depth=6,end=12,eps=0.15          elo=   357.4   0.97 0.97 0.65 0.57 0.18
C:depth=4,end=8,eps=0              elo=   418.3   1.00 0.99 0.85 0.51 0.23
C:depth=6,end=12,eps=0.1           elo=   427.0   0.99 0.97 0.72 0.67 0.25
C:depth=5,end=10,eps=0.1           elo=   441.8   0.98 0.96 0.81 0.67 0.23
C:depth=6,end=12,eps=0.05          elo=   532.2   1.00 0.99 0.91 0.71 0.33
C:depth=5,end=10,eps=0             elo=   567.5   1.00 0.99 0.92 0.78 0.36
C:depth=6,end=12,eps=0             elo=   658.6   1.00 0.98 0.97 0.93 -1.00

書き出し = /Users/shigemurasatoshi/dev/othello-kids/tools/gauntlet_v1.json
