pair    L2             vs L1              a勝率 0.693  (133勝 56敗 11分)  26819ms
pair    L3             vs L2              a勝率 0.667  (129勝 62敗 9分)  24678ms
pair    L4             vs L3              a勝率 0.623  (123勝 74敗 3分)  24274ms
pair    L5             vs L4              a勝率 0.532  (102勝 89敗 9分)  20634ms
pair    L6             vs L5              a勝率 0.565  (110勝 84敗 6分)  12292ms
pair    L7             vs L6              a勝率 0.562  (109勝 84敗 7分)  8867ms
pair    L8             vs L7              a勝率 0.647  (127勝 68敗 5分)  3277ms
pair    L9             vs L8              a勝率 0.657  (128勝 65敗 7分)  9264ms
pair    L10            vs L9              a勝率 0.560  (108勝 84敗 8分)  38204ms
pair    L11            vs L10             a勝率 0.573  (108勝 79敗 13分)  87760ms
pair    L12            vs L11             a勝率 0.620  (121勝 73敗 6分)  134283ms
pair    L13            vs L12             a勝率 0.540  (106勝 90敗 4分)  152066ms
pair    L14            vs L13             a勝率 0.677  (133勝 62敗 5分)  224904ms
pair    L15            vs L14             a勝率 0.593  (116勝 79敗 5分)  282796ms
pair    L16            vs L15             a勝率 0.618  (121勝 74敗 5分)  324338ms
pair    L17            vs L16             a勝率 0.625  (123勝 73敗 4分)  362404ms
pair    L18            vs L17             a勝率 0.605  (119勝 77敗 4分)  408612ms
pair    L19            vs L18             a勝率 0.600  (116勝 76敗 8分)  447588ms
pair    L20            vs L19             a勝率 0.677  (135勝 64敗 1分)  495832ms
proxy   Pgreedy        vs L1              a勝率 0.973  (193勝 4敗 3分)  20810ms
proxy   Pgreedy        vs L2              a勝率 0.965  (192勝 6敗 2分)  17873ms
proxy   Pgreedy        vs L3              a勝率 0.920  (183勝 15敗 2分)  15546ms
proxy   Pgreedy        vs L4              a勝率 0.855  (170勝 28敗 2分)  11768ms
proxy   Pgreedy        vs L5              a勝率 0.792  (157勝 40敗 3分)  8968ms
proxy   Pgreedy        vs L6              a勝率 0.762  (149勝 44敗 7分)  5895ms
proxy   Pgreedy        vs L7              a勝率 0.780  (154勝 42敗 4分)  3641ms
proxy   Pgreedy        vs L8              a勝率 0.613  (120勝 75敗 5分)  85ms
proxy   Pgreedy        vs L9              a勝率 0.505  (99勝 97敗 4分)  14441ms
proxy   Pgreedy        vs L10             a勝率 0.383  (71勝 118敗 11分)  30939ms
proxy   Pgreedy        vs L11             a勝率 0.217  (41勝 154敗 5分)  48151ms
proxy   Pgreedy        vs L12             a勝率 0.198  (37勝 158敗 5分)  70473ms
proxy   Pgreedy        vs L13             a勝率 0.145  (27勝 169敗 4分)  94552ms
proxy   Pgreedy        vs L14             a勝率 0.055  (11勝 189敗 0分)  124433ms
proxy   Pgreedy        vs L15             a勝率 0.055  (10勝 188敗 2分)  155350ms
proxy   Pgreedy        vs L16             a勝率 0.022  (4勝 195敗 1分)  174024ms
proxy   Pgreedy        vs L17             a勝率 0.028  (5勝 194敗 1分)  169090ms
proxy   Pgreedy        vs L18             a勝率 0.000  (0勝 200敗 0分)  210781ms
proxy   Pgreedy        vs L19             a勝率 0.010  (2勝 198敗 0分)  223540ms
proxy   Pgreedy        vs L20             a勝率 0.000  (0勝 200敗 0分)  252162ms
proxy   PgreedyCorner  vs L1              a勝率 0.990  (198勝 2敗 0分)  26038ms
proxy   PgreedyCorner  vs L2              a勝率 0.985  (197勝 3敗 0分)  22250ms
proxy   PgreedyCorner  vs L3              a勝率 0.958  (189勝 6敗 5分)  16035ms
proxy   PgreedyCorner  vs L4              a勝率 0.938  (187勝 12敗 1分)  13620ms
proxy   PgreedyCorner  vs L5              a勝率 0.912  (181勝 16敗 3分)  10016ms
proxy   PgreedyCorner  vs L6              a勝率 0.920  (183勝 15敗 2分)  6051ms
proxy   PgreedyCorner  vs L7              a勝率 0.932  (184勝 11敗 5分)  3549ms
proxy   PgreedyCorner  vs L8              a勝率 0.767  (151勝 44敗 5分)  95ms
proxy   PgreedyCorner  vs L9              a勝率 0.740  (145勝 49敗 6分)  14388ms
proxy   PgreedyCorner  vs L10             a勝率 0.600  (117勝 77敗 6分)  28558ms
proxy   PgreedyCorner  vs L11             a勝率 0.367  (70勝 123敗 7分)  52885ms
proxy   PgreedyCorner  vs L12             a勝率 0.352  (69勝 128敗 3分)  71001ms
proxy   PgreedyCorner  vs L13             a勝率 0.215  (41勝 155敗 4分)  91377ms
proxy   PgreedyCorner  vs L14             a勝率 0.128  (24勝 173敗 3分)  126648ms
proxy   PgreedyCorner  vs L15             a勝率 0.100  (18勝 178敗 4分)  142554ms
proxy   PgreedyCorner  vs L16             a勝率 0.045  (8勝 190敗 2分)  157070ms
proxy   PgreedyCorner  vs L17             a勝率 0.033  (6勝 193敗 1分)  163806ms
proxy   PgreedyCorner  vs L18             a勝率 0.003  (0勝 199敗 1分)  175809ms
proxy   PgreedyCorner  vs L19             a勝率 0.015  (3勝 197敗 0分)  175027ms
proxy   PgreedyCorner  vs L20             a勝率 0.000  (0勝 200敗 0分)  185905ms

書き出し = /Users/shigemurasatoshi/dev/othello-kids/tools/p3_result_v5.json
