pair    L2             vs L1              a勝率 0.693  (133勝 56敗 11分)  30965ms
pair    L3             vs L2              a勝率 0.667  (129勝 62敗 9分)  24498ms
pair    L4             vs L3              a勝率 0.623  (123勝 74敗 3分)  23672ms
pair    L5             vs L4              a勝率 0.532  (102勝 89敗 9分)  20016ms
pair    L6             vs L5              a勝率 0.565  (110勝 84敗 6分)  11991ms
pair    L7             vs L6              a勝率 0.562  (109勝 84敗 7分)  8685ms
pair    L8             vs L7              a勝率 0.647  (127勝 68敗 5分)  3192ms
pair    L9             vs L8              a勝率 0.655  (129勝 67敗 4分)  8601ms
pair    L10            vs L9              a勝率 0.515  (100勝 94敗 6分)  36466ms
pair    L11            vs L10             a勝率 0.568  (109勝 82敗 9分)  86308ms
pair    L12            vs L11             a勝率 0.585  (114勝 80敗 6分)  145710ms
pair    L13            vs L12             a勝率 0.525  (102勝 92敗 6分)  188705ms
pair    L14            vs L13             a勝率 0.623  (120勝 71敗 9分)  210866ms
pair    L15            vs L14             a勝率 0.593  (115勝 78敗 7分)  298100ms
pair    L16            vs L15             a勝率 0.610  (118勝 74敗 8分)  341395ms
pair    L17            vs L16             a勝率 0.630  (123勝 71敗 6分)  382986ms
pair    L18            vs L17             a勝率 0.627  (122勝 71敗 7分)  416372ms
pair    L19            vs L18             a勝率 0.630  (122勝 70敗 8分)  462246ms
pair    L20            vs L19             a勝率 0.713  (142勝 57敗 1分)  434156ms
proxy   Pgreedy        vs L1              a勝率 0.973  (193勝 4敗 3分)  21328ms
proxy   Pgreedy        vs L2              a勝率 0.965  (192勝 6敗 2分)  20091ms
proxy   Pgreedy        vs L3              a勝率 0.920  (183勝 15敗 2分)  17172ms
proxy   Pgreedy        vs L4              a勝率 0.855  (170勝 28敗 2分)  13449ms
proxy   Pgreedy        vs L5              a勝率 0.792  (157勝 40敗 3分)  9420ms
proxy   Pgreedy        vs L6              a勝率 0.762  (149勝 44敗 7分)  5738ms
proxy   Pgreedy        vs L7              a勝率 0.780  (154勝 42敗 4分)  3377ms
proxy   Pgreedy        vs L8              a勝率 0.613  (120勝 75敗 5分)  100ms
proxy   Pgreedy        vs L9              a勝率 0.500  (97勝 97敗 6分)  13027ms
proxy   Pgreedy        vs L10             a勝率 0.422  (82勝 113敗 5分)  31341ms
proxy   Pgreedy        vs L11             a勝率 0.323  (62勝 133敗 5分)  51974ms
proxy   Pgreedy        vs L12             a勝率 0.228  (43勝 152敗 5分)  69064ms
proxy   Pgreedy        vs L13             a勝率 0.130  (25勝 173敗 2分)  88548ms
proxy   Pgreedy        vs L14             a勝率 0.085  (17勝 183敗 0分)  120990ms
proxy   Pgreedy        vs L15             a勝率 0.050  (9勝 189敗 2分)  135939ms
proxy   Pgreedy        vs L16             a勝率 0.052  (10勝 189敗 1分)  156584ms
proxy   Pgreedy        vs L17             a勝率 0.043  (7勝 190敗 3分)  186657ms
proxy   Pgreedy        vs L18             a勝率 0.010  (2勝 198敗 0分)  212364ms
proxy   Pgreedy        vs L19             a勝率 0.010  (2勝 198敗 0分)  249821ms
proxy   Pgreedy        vs L20             a勝率 0.000  (0勝 200敗 0分)  286715ms
proxy   PgreedyCorner  vs L1              a勝率 0.985  (197勝 3敗 0分)  23316ms
proxy   PgreedyCorner  vs L2              a勝率 0.973  (194勝 5敗 1分)  19944ms
proxy   PgreedyCorner  vs L3              a勝率 0.973  (194勝 5敗 1分)  16567ms
proxy   PgreedyCorner  vs L4              a勝率 0.953  (189勝 8敗 3分)  14149ms
proxy   PgreedyCorner  vs L5              a勝率 0.943  (188勝 11敗 1分)  9742ms
proxy   PgreedyCorner  vs L6              a勝率 0.853  (170勝 29敗 1分)  7151ms
proxy   PgreedyCorner  vs L7              a勝率 0.880  (174勝 22敗 4分)  3707ms
proxy   PgreedyCorner  vs L8              a勝率 0.805  (159勝 37敗 4分)  93ms
proxy   PgreedyCorner  vs L9              a勝率 0.738  (144勝 49敗 7分)  15064ms
proxy   PgreedyCorner  vs L10             a勝率 0.705  (136勝 54敗 10分)  35075ms
proxy   PgreedyCorner  vs L11             a勝率 0.550  (103勝 83敗 14分)  78110ms
proxy   PgreedyCorner  vs L12             a勝率 0.427  (80勝 109敗 11分)  108148ms
proxy   PgreedyCorner  vs L13             a勝率 0.310  (60勝 136敗 4分)  130255ms
proxy   PgreedyCorner  vs L14             a勝率 0.233  (43勝 150敗 7分)  139401ms
proxy   PgreedyCorner  vs L15             a勝率 0.138  (26勝 171敗 3分)  177341ms
proxy   PgreedyCorner  vs L16             a勝率 0.092  (17勝 180敗 3分)  185424ms
proxy   PgreedyCorner  vs L17             a勝率 0.055  (10勝 188敗 2分)  200043ms
proxy   PgreedyCorner  vs L18             a勝率 0.037  (6勝 191敗 3分)  192711ms
proxy   PgreedyCorner  vs L19             a勝率 0.015  (3勝 197敗 0分)  193339ms
proxy   PgreedyCorner  vs L20             a勝率 0.003  (0勝 199敗 1分)  192985ms

書き出し = /Users/shigemurasatoshi/dev/othello-kids/tools/p3_result_v6.json
